2026-09-26 - 06:02:25.240 [INFO] Luduvo 45 sha=790afcf2ee3f network_epoch=47 schema=0x3b920a8c2830a625 project_format=27 (min 27)
2026-09-26 - 06:02:25.356 [INFO] OpenAL: device=OpenAL Community renderer=OpenAL Soft stream=callback
2026-09-26 - 06:02:25.356 [INFO] IP: _.__.___.___, Port: _____
2026-09-26 - 06:02:25.387 [INFO] content store fetches from https://api.luduvo.com into C:\Users\<user>\AppData\Roaming\Luduvo\Client\content
2026-09-26 - 06:02:25.972 [INFO] content store: version 8 is ready, current names it
2026-09-26 - 06:02:26.006 [INFO] client content: version 8 from C:\Users\<user>\AppData\Roaming\Luduvo\Client\content
2026-09-26 - 06:02:26.034 [INFO] Window created. 1 pixel density, 1 display scale
2026-09-26 - 06:02:26.034 [INFO] [d3d12] backend init begin; debug_layer=false
2026-09-26 - 06:02:26.034 [INFO] [d3d12] Win32 HWND acquired: 0x28084c
2026-09-26 - 06:02:26.034 [INFO] [d3d12] debug layer disabled
2026-09-26 - 06:02:26.034 [INFO] [d3d12] creating DXGI factory debug=false
2026-09-26 - 06:02:26.034 [INFO] [d3d12] DXGI factory created
2026-09-26 - 06:02:26.034 [INFO] [d3d12] variable refresh tearing support=true
2026-09-26 - 06:02:26.034 [INFO] [d3d12] adapter 0: 'AMD Radeon RX 6600' (Hardware, vendor=0x1002 device=0x73ff, 8147 MB)
2026-09-26 - 06:02:26.083 [INFO] [d3d12] adapter 'AMD Radeon RX 6600' created probe device for feature checks
2026-09-26 - 06:02:26.083 [INFO] [d3d12] adapter 1: 'Microsoft Basic Render Driver' (Software, vendor=0x1414 device=0x008c, 0 MB)
2026-09-26 - 06:02:26.083 [INFO] [d3d12] adapter 'Microsoft Basic Render Driver' skipped: software adapter
2026-09-26 - 06:02:26.083 [INFO] [d3d12] selected adapter: 'AMD Radeon RX 6600' (vendor=0x1002 device=0x73ff, 8147 MB)
2026-09-26 - 06:02:26.083 [INFO] [d3d12] resourceBindingTier=3 meshShaderTier=10 samplerFeedbackTier=100
2026-09-26 - 06:02:26.087 [INFO] [d3d12] command queue created: graphics type=0 flags=0x0
2026-09-26 - 06:02:26.088 [INFO] [d3d12] command queue created: compute type=2 flags=0x0
2026-09-26 - 06:02:26.089 [INFO] [d3d12] command queue created: copy type=3 flags=0x0
2026-09-26 - 06:02:26.089 [INFO] [d3d12] caps sampler_anisotropy=true max_anisotropy=16
2026-09-26 - 06:02:26.089 [INFO] [d3d12] context created
2026-09-26 - 06:02:26.089 [INFO] [d3d12] creating NVRHI device: rtv_heap=1024 dsv_heap=1024 srv_heap=32768 sampler_heap=16
2026-09-26 - 06:02:26.092 [INFO] [d3d12] NVRHI device created
2026-09-26 - 06:02:26.092 [INFO] Renderer: NVRHI validation layer disabled
2026-09-26 - 06:02:26.092 [INFO] [d3d12] backend create_swapchain requested: 1920x1017, vsync=true
2026-09-26 - 06:02:26.092 [INFO] [d3d12] creating swapchain: 1920x1017, buffers=3, format=28, flags=0x800, vsync=true
2026-09-26 - 06:02:26.095 [INFO] [d3d12] IDXGISwapChain1 created
2026-09-26 - 06:02:26.095 [INFO] [d3d12] DXGI window association set: no_alt_enter=true
2026-09-26 - 06:02:26.095 [INFO] [d3d12] IDXGISwapChain3 acquired
2026-09-26 - 06:02:26.095 [INFO] [d3d12] swap image 0 wrapped: resource=0x208608e90d0 format=19 size=1920x1017
2026-09-26 - 06:02:26.095 [INFO] [d3d12] swap image 1 wrapped: resource=0x208608ea610 format=19 size=1920x1017
2026-09-26 - 06:02:26.095 [INFO] [d3d12] swap image 2 wrapped: resource=0x208608ebb50 format=19 size=1920x1017
2026-09-26 - 06:02:26.095 [INFO] [d3d12] swap image wrappers created: count=3
2026-09-26 - 06:02:26.095 [INFO] [d3d12] frame event queries created: count=3
2026-09-26 - 06:02:26.095 [INFO] [d3d12] swapchain present mode: vsync
2026-09-26 - 06:02:26.095 [INFO] [d3d12] swapchain created: current_backbuffer=0
2026-09-26 - 06:02:26.095 [INFO] [d3d12] backend swapchain ready: 1920x1017, images=3
2026-09-26 - 06:02:26.101 [INFO] Renderer: max_textures=1024 (GPU reports 0)
2026-09-26 - 06:02:26.103 [INFO] Renderer up: 1920x1017, 3 swap images
2026-09-26 - 06:02:26.136 [ERROR] [nvrhi] Failed to create a compute pipeline state object
2026-09-26 - 06:02:26.138 [ERROR] ClusteredForward: failed to create build-grid pipeline
2026-09-26 - 06:02:26.140 [ERROR] WorldRenderer: clustered forward init failed
2026-09-26 - 06:02:26.147 [ERROR] SceneRenderer: gfx_wr_init failed
2026-09-26 - 06:02:26.149 [ERROR] ClientApp::Init failed
2026-09-26 - 06:02:27.557 [INFO] [d3d12] backend destroy_swapchain images=3
2026-09-26 - 06:02:27.557 [INFO] [d3d12] swapchain destroy_inner begin: keep_handle=false images=3 events=3
2026-09-26 - 06:02:27.558 [INFO] [d3d12] swapchain destroy_inner complete
2026-09-26 - 06:02:27.558 [INFO] [d3d12] backend shutdown
2026-09-26 - 06:02:27.559 [INFO] [d3d12] context destroy begin
2026-09-26 - 06:02:27.576 [INFO] [d3d12] context destroyed
