2026-09-19 - 22:44:19.694 [INFO] Luduvo 44-dirty (240800eaa6d4) sha=240800eaa6d4 network_epoch=40 schema=0x63d6c59a65f6b6e0 project_format=27 (min 27)
2026-09-19 - 22:44:19.757 [INFO] OpenAL: device=OpenAL Community renderer=OpenAL Soft stream=callback
2026-09-19 - 22:44:19.758 [INFO] IP: 5.78.177.147, Port: 27023
2026-09-19 - 22:44:19.772 [INFO] content store fetches from https://api.luduvo.com into C:\Users\<user>\AppData\Roaming\Luduvo\Client\content
2026-09-19 - 22:44:20.789 [INFO] content store: version 7 is ready, current names it
2026-09-19 - 22:44:20.804 [INFO] client content: version 7 from C:\Users\<user>\AppData\Roaming\Luduvo\Client\content
2026-09-19 - 22:44:20.841 [INFO] Window created. 1 pixel density, 1 display scale
2026-09-19 - 22:44:20.849 [INFO] [vk] available instance layers: 8
2026-09-19 - 22:44:20.851 [INFO] [vk] available instance extensions: 13
2026-09-19 - 22:44:20.852 [INFO] [vk] loader API 1.4.309
2026-09-19 - 22:44:20.852 [INFO] [vk] requested instance API 1.3.0
2026-09-19 - 22:44:20.852 [INFO] [vk] validation requested=true enabled=false
2026-09-19 - 22:44:20.852 [INFO] [vk] debug utils enabled=true
2026-09-19 - 22:44:20.873 [INFO] [adapter 0] AMD Radeon RX 6700 XT (Discrete, vendor=0x1002 device=0x73df, 12272 MB)
2026-09-19 - 22:44:20.873 [INFO] Selected adapter 0: AMD Radeon RX 6700 XT (Discrete)
2026-09-19 - 22:44:20.873 [INFO] [vk] conservative raster: true, fragment barycentric: true
2026-09-19 - 22:44:20.873 [INFO] [vk] device API 1.4.315
2026-09-19 - 22:44:20.873 [INFO] [vk] driver version 8388961
2026-09-19 - 22:44:20.873 [INFO] [vk] selected device: AMD Radeon RX 6700 XT (Discrete, vendor=0x1002 device=0x73df, 12272 MB)
2026-09-19 - 22:44:20.873 [INFO] [vk] pipelineCacheUUID=25c07f5a31235fbdabe7047765650202
2026-09-19 - 22:44:20.873 [INFO] [vk] memory heaps: 3
2026-09-19 - 22:44:20.873 [INFO] [vk] memory types: 16
2026-09-19 - 22:44:20.873 [INFO] [vk] device extensions: 198
2026-09-19 - 22:44:20.873 [INFO] [vk] queue families: 5
2026-09-19 - 22:44:20.884 [INFO] Renderer: NVRHI validation layer disabled
2026-09-19 - 22:44:20.884 [INFO] [vk] swapchain present mode: FIFO
2026-09-19 - 22:44:20.970 [INFO] Renderer: max_textures=1024 (GPU reports 4294967295)
2026-09-19 - 22:44:20.971 [INFO] Renderer up: 2560x1369, 3 swap images
2026-09-19 - 22:44:21.038 [INFO] Razor: trace path: hardware conservative raster
