2026-09-13 - 09:52:17.238 [INFO] Luduvo 39-dirty (45c4fd8f55cf) sha=45c4fd8f55cf network_epoch=38 schema=0x3d80eb6a801498ad project_format=27 (min 22)
2026-09-13 - 09:52:17.295 [INFO] OpenAL: device=OpenAL Community renderer=OpenAL Soft stream=callback
2026-09-13 - 09:52:17.296 [INFO] IP: 5.78.177.147, Port: 27015
2026-09-13 - 09:52:17.308 [INFO] content store fetches from https://api.luduvo.com into C:\Users\<user>\AppData\Roaming\Luduvo\Client\content
2026-09-13 - 09:52:19.008 [ERROR] content store: cannot rename C:\Users\<user>\AppData\Roaming\Luduvo\Client\content\versions\4\manifest.json.tmp.2832.0 to C:\Users\<user>\AppData\Roaming\Luduvo\Client\content\versions\4\manifest.json: MoveFileExW: Cannot create a file when that file already exists.
2026-09-13 - 09:52:19.008 [WARNING] content: no fresh version from https://api.luduvo.com; using what C:\Users\<user>\AppData\Roaming\Luduvo\Client\content holds
2026-09-13 - 09:52:19.018 [INFO] client content: version 4 from C:\Users\<user>\AppData\Roaming\Luduvo\Client\content
2026-09-13 - 09:52:19.133 [INFO] Window created. 1 pixel density, 1 display scale
2026-09-13 - 09:52:19.142 [INFO] [vk] available instance layers: 4
2026-09-13 - 09:52:19.145 [INFO] [vk] available instance extensions: 16
2026-09-13 - 09:52:19.146 [INFO] [vk] loader API 1.3.280
2026-09-13 - 09:52:19.146 [INFO] [vk] requested instance API 1.3.0
2026-09-13 - 09:52:19.146 [INFO] [vk] validation requested=true enabled=false
2026-09-13 - 09:52:19.146 [INFO] [vk] debug utils enabled=true
2026-09-13 - 09:52:19.439 [INFO] [adapter 0] NVIDIA GeForce GTX 750 Ti (Discrete, vendor=0x10de device=0x1380, 2213 MB)
2026-09-13 - 09:52:19.439 [INFO] Selected adapter 0: NVIDIA GeForce GTX 750 Ti (Discrete)
2026-09-13 - 09:52:19.439 [INFO] [vk] conservative raster: false, fragment barycentric: false
2026-09-13 - 09:52:19.439 [INFO] [vk] device API 1.3.280
2026-09-13 - 09:52:19.439 [INFO] [vk] driver version 2350350336
2026-09-13 - 09:52:19.439 [INFO] [vk] selected device: NVIDIA GeForce GTX 750 Ti (Discrete, vendor=0x10de device=0x1380, 2213 MB)
2026-09-13 - 09:52:19.439 [INFO] [vk] pipelineCacheUUID=0c2876b17e31e8b1a9b31522da305ae3
2026-09-13 - 09:52:19.439 [INFO] [vk] memory heaps: 3
2026-09-13 - 09:52:19.439 [INFO] [vk] memory types: 12
2026-09-13 - 09:52:19.439 [INFO] [vk] device extensions: 161
2026-09-13 - 09:52:19.439 [INFO] [vk] queue families: 3
2026-09-13 - 09:52:19.470 [INFO] Renderer: NVRHI validation layer disabled
2026-09-13 - 09:52:19.475 [INFO] [vk] swapchain present mode: FIFO
2026-09-13 - 09:52:19.584 [INFO] Renderer: max_textures=1024 (GPU reports 1048576)
2026-09-13 - 09:52:19.584 [INFO] Renderer up: 1440x837, 3 swap images
2026-09-13 - 09:52:19.736 [INFO] Razor: trace path: GS dilation (with mesh ICB on mac)
2026-09-13 - 09:52:19.740 [INFO] Razor: 2048x2048 head atlas, 1440x837 screen lists
2026-09-13 - 09:52:20.094 [INFO] physics_sounds: 56 voices, 64 banks, 12288 KiB arena
2026-09-13 - 09:52:20.097 [INFO] physics world created
2026-09-13 - 09:52:20.111 [INFO] audio: loaded C:\Users\<user>\AppData\Roaming\Luduvo\Client\cdn_cache\cdn\144115188075855953.ogg (1 ch, 48000 Hz, 157440 samples)
2026-09-13 - 09:52:20.118 [INFO] audio: loaded C:\Users\<user>\AppData\Roaming\Luduvo\Client\cdn_cache\cdn\144115188075855954.ogg (1 ch, 48000 Hz, 7710 samples)
2026-09-13 - 09:52:20.141 [INFO] audio: loaded C:\Users\<user>\AppData\Roaming\Luduvo\Client\cdn_cache\cdn\144115188075855955.ogg (1 ch, 48000 Hz, 28800 samples)
2026-09-13 - 09:52:20.202 [INFO] [FontAtlas] Loaded 1423 glyphs, atlas 1860x1860
2026-09-13 - 09:52:20.267 [INFO] [FontAtlas] Loaded 1423 glyphs, atlas 1892x1892
2026-09-13 - 09:52:20.304 [INFO] [FontAtlas] Loaded 1379 glyphs, atlas 1596x1480
2026-09-13 - 09:52:20.305 [INFO] content from cache C:\Users\<user>\AppData\Roaming\Luduvo\Client\content\versions\4 (manifest version 4, 381 names)
2026-09-13 - 09:52:24.665 [WARNING] the camera sample ring is full. The client drops camera input
2026-09-13 - 09:52:25.308 [WARNING] failed to connect to 5.78.177.147:27015
2026-09-13 - 09:52:28.939 [WARNING] the input ring is full; the client drops input
2026-09-13 - 09:52:31.448 [INFO] Quit.
