2026-09-26 - 08:16:55.926 [INFO] Window created. 1 pixel density, 1 display scale
2026-09-26 - 08:16:55.926 [INFO] [d3d12] backend init begin; debug_layer=false
2026-09-26 - 08:16:55.927 [INFO] [d3d12] Win32 HWND acquired: 0x11048c
2026-09-26 - 08:16:55.927 [INFO] [d3d12] debug layer disabled
2026-09-26 - 08:16:55.927 [INFO] [d3d12] creating DXGI factory debug=false
2026-09-26 - 08:16:55.928 [INFO] [d3d12] DXGI factory created
2026-09-26 - 08:16:55.928 [INFO] [d3d12] variable refresh tearing support=true
2026-09-26 - 08:16:55.928 [INFO] [d3d12] adapter 0: 'NVIDIA GeForce GTX 1050' (Hardware, vendor=0x10de device=0x1c91, 2981 MB)
2026-09-26 - 08:16:56.360 [INFO] [d3d12] adapter 'NVIDIA GeForce GTX 1050' created probe device for feature checks
2026-09-26 - 08:16:56.360 [INFO] [d3d12] adapter 1: 'Intel(R) UHD Graphics 630' (Hardware, vendor=0x8086 device=0x3e9b, 128 MB)
2026-09-26 - 08:16:56.497 [INFO] [d3d12] adapter 'Intel(R) UHD Graphics 630' created probe device for feature checks
2026-09-26 - 08:16:56.506 [INFO] [d3d12] adapter 2: 'Microsoft Basic Render Driver' (Software, vendor=0x1414 device=0x008c, 0 MB)
2026-09-26 - 08:16:56.506 [INFO] [d3d12] adapter 'Microsoft Basic Render Driver' skipped: software adapter
2026-09-26 - 08:16:56.506 [INFO] [d3d12] selected adapter: 'NVIDIA GeForce GTX 1050' (vendor=0x10de device=0x1c91, 2981 MB)
2026-09-26 - 08:16:56.506 [INFO] [d3d12] resourceBindingTier=3 meshShaderTier=0 samplerFeedbackTier=0
2026-09-26 - 08:16:56.545 [INFO] [d3d12] command queue created: graphics type=0 flags=0x0
2026-09-26 - 08:16:56.567 [INFO] [d3d12] command queue created: compute type=2 flags=0x0
2026-09-26 - 08:16:56.579 [INFO] [d3d12] command queue created: copy type=3 flags=0x0
2026-09-26 - 08:16:56.579 [INFO] [d3d12] caps sampler_anisotropy=true max_anisotropy=16
2026-09-26 - 08:16:56.579 [INFO] [d3d12] context created
2026-09-26 - 08:16:56.580 [INFO] [d3d12] creating NVRHI device: rtv_heap=1024 dsv_heap=1024 srv_heap=32768 sampler_heap=16
2026-09-26 - 08:16:56.585 [INFO] [d3d12] NVRHI device created
2026-09-26 - 08:16:56.585 [INFO] Renderer: NVRHI validation layer disabled
2026-09-26 - 08:16:56.585 [INFO] [d3d12] backend create_swapchain requested: 1920x1017, vsync=true
2026-09-26 - 08:16:56.586 [INFO] [d3d12] creating swapchain: 1920x1017, buffers=3, format=28, flags=0x800, vsync=true
2026-09-26 - 08:16:56.659 [INFO] [d3d12] IDXGISwapChain1 created
2026-09-26 - 08:16:56.659 [INFO] [d3d12] DXGI window association set: no_alt_enter=true
2026-09-26 - 08:16:56.659 [INFO] [d3d12] IDXGISwapChain3 acquired
2026-09-26 - 08:16:56.662 [INFO] [d3d12] swap image 0 wrapped: resource=0x216a344e420 format=19 size=1920x1017
2026-09-26 - 08:16:56.662 [INFO] [d3d12] swap image 1 wrapped: resource=0x216a344f640 format=19 size=1920x1017
2026-09-26 - 08:16:56.662 [INFO] [d3d12] swap image 2 wrapped: resource=0x216a344c8f0 format=19 size=1920x1017
2026-09-26 - 08:16:56.662 [INFO] [d3d12] swap image wrappers created: count=3
2026-09-26 - 08:16:56.662 [INFO] [d3d12] frame event queries created: count=3
2026-09-26 - 08:16:56.662 [INFO] [d3d12] swapchain present mode: vsync
2026-09-26 - 08:16:56.662 [INFO] [d3d12] swapchain created: current_backbuffer=0
2026-09-26 - 08:16:56.662 [INFO] [d3d12] backend swapchain ready: 1920x1017, images=3
2026-09-26 - 08:16:56.697 [INFO] Renderer: max_textures=1024 (GPU reports 0)
2026-09-26 - 08:16:56.698 [INFO] Renderer up: 1920x1017, 3 swap images
2026-09-26 - 08:16:56.767 [ERROR] [nvrhi] Failed to create a compute pipeline state object
2026-09-26 - 08:16:56.771 [ERROR] ClusteredForward: failed to create build-grid pipeline
2026-09-26 - 08:16:56.775 [ERROR] WorldRenderer: clustered forward init failed
2026-09-26 - 08:16:56.787 [ERROR] SceneRenderer: gfx_wr_init failed
2026-09-26 - 08:16:56.789 [ERROR] ClientApp::Init failed
2026-09-26 - 08:16:57.990 [INFO] [d3d12] backend destroy_swapchain images=3
2026-09-26 - 08:16:57.990 [INFO] [d3d12] swapchain destroy_inner begin: keep_handle=false images=3 events=3
2026-09-26 - 08:16:58.001 [INFO] [d3d12] swapchain destroy_inner complete
2026-09-26 - 08:16:58.001 [INFO] [d3d12] backend shutdown
2026-09-26 - 08:16:58.001 [INFO] [d3d12] context destroy begin
2026-09-26 - 08:16:58.075 [INFO] [d3d12] context destroyed
