2026-09-14 - 21:41:21.256 [INFO] Luduvo 43-dirty (e7d3dbe97aab) sha=e7d3dbe97aab network_epoch=38 schema=0x63d6c59a65f6b6e0 project_format=27 (min 27)
2026-09-14 - 21:41:21.324 [INFO] OpenAL: device=OpenAL Community renderer=OpenAL Soft stream=callback
2026-09-14 - 21:41:21.324 [INFO] IP: 5.78.177.147, Port: 27019
2026-09-14 - 21:41:21.341 [INFO] content store fetches from https://api.luduvo.com into C:\Users\<user>\AppData\Roaming\Luduvo\Client\content
2026-09-14 - 21:41:22.609 [INFO] content store: fetched 300 of 564 objects
2026-09-14 - 21:41:22.632 [INFO] content store: fetched 350 of 564 objects
2026-09-14 - 21:41:22.649 [INFO] content store: fetched 400 of 564 objects
2026-09-14 - 21:41:22.666 [INFO] content store: fetched 450 of 564 objects
2026-09-14 - 21:41:22.683 [INFO] content store: fetched 500 of 564 objects
2026-09-14 - 21:41:22.700 [INFO] content store: fetched 550 of 564 objects
2026-09-14 - 21:41:22.818 [INFO] content store: version 7 is ready, current names it
2026-09-14 - 21:41:22.835 [INFO] client content: version 7 from C:\Users\<user>\AppData\Roaming\Luduvo\Client\content
2026-09-14 - 21:41:22.921 [INFO] Window created. 1 pixel density, 1 display scale
2026-09-14 - 21:41:22.931 [INFO] [vk] available instance layers: 4
2026-09-14 - 21:41:22.934 [INFO] [vk] available instance extensions: 16
2026-09-14 - 21:41:22.935 [INFO] [vk] loader API 1.3.280
2026-09-14 - 21:41:22.935 [INFO] [vk] requested instance API 1.3.0
2026-09-14 - 21:41:22.935 [INFO] [vk] validation requested=true enabled=false
2026-09-14 - 21:41:22.935 [INFO] [vk] debug utils enabled=true
2026-09-14 - 21:41:22.983 [INFO] [adapter 0] NVIDIA GeForce GTX 750 Ti (Discrete, vendor=0x10de device=0x1380, 2213 MB)
2026-09-14 - 21:41:22.983 [INFO] Selected adapter 0: NVIDIA GeForce GTX 750 Ti (Discrete)
2026-09-14 - 21:41:22.983 [INFO] [vk] conservative raster: false, fragment barycentric: false
2026-09-14 - 21:41:22.983 [INFO] [vk] device API 1.3.280
2026-09-14 - 21:41:22.983 [INFO] [vk] driver version 2350350336
2026-09-14 - 21:41:22.983 [INFO] [vk] selected device: NVIDIA GeForce GTX 750 Ti (Discrete, vendor=0x10de device=0x1380, 2213 MB)
2026-09-14 - 21:41:22.983 [INFO] [vk] pipelineCacheUUID=0c2876b17e31e8b1a9b31522da305ae3
2026-09-14 - 21:41:22.983 [INFO] [vk] memory heaps: 3
2026-09-14 - 21:41:22.983 [INFO] [vk] memory types: 12
2026-09-14 - 21:41:22.983 [INFO] [vk] device extensions: 161
2026-09-14 - 21:41:22.983 [INFO] [vk] queue families: 3
2026-09-14 - 21:41:23.011 [INFO] Renderer: NVRHI validation layer disabled
2026-09-14 - 21:41:23.015 [INFO] [vk] swapchain present mode: FIFO
2026-09-14 - 21:41:23.106 [INFO] Renderer: max_textures=1024 (GPU reports 1048576)
2026-09-14 - 21:41:23.107 [INFO] Renderer up: 1440x837, 3 swap images
2026-09-14 - 21:41:23.153 [INFO] Razor: trace path: GS dilation (with mesh ICB on mac)
2026-09-14 - 21:41:23.155 [INFO] Razor: 2048x2048 head atlas, 1440x837 screen lists
2026-09-14 - 21:41:23.240 [INFO] physics_sounds: 56 voices, 64 banks, 12288 KiB arena
2026-09-14 - 21:41:23.243 [INFO] physics world created
2026-09-14 - 21:41:23.253 [INFO] audio: loaded C:\Users\<user>\AppData\Roaming\Luduvo\Client\cdn_cache\cdn\144115188075855953.ogg (1 ch, 48000 Hz, 157440 samples)
2026-09-14 - 21:41:23.255 [INFO] audio: loaded C:\Users\<user>\AppData\Roaming\Luduvo\Client\cdn_cache\cdn\144115188075855955.ogg (1 ch, 48000 Hz, 28800 samples)
2026-09-14 - 21:43:46.826 [INFO] [FontAtlas] Loaded 1423 glyphs, atlas 1860x1860
2026-09-14 - 21:43:46.880 [INFO] [FontAtlas] Loaded 1423 glyphs, atlas 1892x1892
2026-09-14 - 21:43:46.908 [INFO] [FontAtlas] Loaded 1379 glyphs, atlas 1596x1480
2026-09-14 - 21:43:46.910 [INFO] content from cache C:\Users\<user>\AppData\Roaming\Luduvo\Client\content\versions\7 (manifest version 7, 564 names)
2026-09-14 - 21:43:51.257 [WARNING] the camera sample ring is full. The client drops camera input
2026-09-14 - 21:43:51.913 [WARNING] failed to connect to 5.78.177.147:27019
2026-09-14 - 21:43:55.531 [WARNING] the input ring is full; the client drops input
