2026-09-15 - 21:07:56.250 [INFO] Luduvo 44-dirty (240800eaa6d4) sha=240800eaa6d4 network_epoch=40 schema=0x63d6c59a65f6b6e0 project_format=27 (min 27)
2026-09-15 - 21:07:56.523 [INFO] OpenAL: device=OpenAL Community renderer=OpenAL Soft stream=callback
2026-09-15 - 21:07:56.649 [INFO] content store fetches from https://api.luduvo.com into C:\Users\<user>\AppData\Roaming\Luduvo\Client\content
2026-09-15 - 21:07:57.760 [INFO] content store: version 7 is ready, current names it
2026-09-15 - 21:07:57.812 [INFO] client content: version 7 from C:\Users\<user>\AppData\Roaming\Luduvo\Client\content
2026-09-15 - 21:07:58.244 [INFO] Window created. 1 pixel density, 1 display scale
2026-09-15 - 21:07:58.287 [INFO] [vk] available instance layers: 0
2026-09-15 - 21:07:58.368 [INFO] [vk] available instance extensions: 11
2026-09-15 - 21:07:58.369 [INFO] [vk] loader API 1.2.176
2026-09-15 - 21:07:58.369 [INFO] [vk] requested instance API 1.3.0
2026-09-15 - 21:07:58.369 [INFO] [vk] validation requested=true enabled=false
2026-09-15 - 21:07:58.369 [INFO] [vk] debug utils enabled=true
2026-09-15 - 21:07:58.725 [INFO] [adapter 0] Intel(R) UHD Graphics 600 skipped: Vulkan 1.2 < 1.3
2026-09-15 - 21:07:58.725 [ERROR] [vk] no adapter satisfies Vulkan 1.3 + required features
2026-09-15 - 21:07:58.791 [WARNING] Vulkan backend failed; trying D3D12
2026-09-15 - 21:07:58.791 [INFO] [d3d12] backend init begin; debug_layer=false
2026-09-15 - 21:07:58.792 [INFO] [d3d12] Win32 HWND acquired: 0xa04fe
2026-09-15 - 21:07:58.792 [INFO] [d3d12] debug layer disabled
2026-09-15 - 21:07:58.792 [INFO] [d3d12] creating DXGI factory debug=false
2026-09-15 - 21:07:58.792 [INFO] [d3d12] DXGI factory created
2026-09-15 - 21:07:58.792 [INFO] [d3d12] variable refresh tearing support=true
2026-09-15 - 21:07:58.792 [INFO] [d3d12] adapter 0: 'Intel(R) UHD Graphics 600' (Hardware, vendor=0x8086 device=0x3185, 512 MB)
2026-09-15 - 21:07:59.089 [INFO] [d3d12] adapter 'Intel(R) UHD Graphics 600' created probe device for feature checks
2026-09-15 - 21:07:59.089 [INFO] [d3d12] adapter 1: 'Microsoft Basic Render Driver' (Software, vendor=0x1414 device=0x008c, 0 MB)
2026-09-15 - 21:07:59.089 [INFO] [d3d12] adapter 'Microsoft Basic Render Driver' skipped: software adapter
2026-09-15 - 21:07:59.089 [INFO] [d3d12] selected adapter: 'Intel(R) UHD Graphics 600' (vendor=0x8086 device=0x3185, 512 MB)
2026-09-15 - 21:07:59.089 [INFO] [d3d12] resourceBindingTier=3 meshShaderTier=0 samplerFeedbackTier=0
2026-09-15 - 21:07:59.106 [INFO] [d3d12] command queue created: graphics type=0 flags=0x0
2026-09-15 - 21:07:59.138 [INFO] [d3d12] command queue created: compute type=2 flags=0x0
2026-09-15 - 21:07:59.195 [INFO] [d3d12] command queue created: copy type=3 flags=0x0
2026-09-15 - 21:07:59.195 [INFO] [d3d12] caps sampler_anisotropy=true max_anisotropy=16
2026-09-15 - 21:07:59.203 [INFO] [d3d12] context created
2026-09-15 - 21:07:59.203 [INFO] [d3d12] creating NVRHI device: rtv_heap=1024 dsv_heap=1024 srv_heap=32768 sampler_heap=16
2026-09-15 - 21:07:59.506 [INFO] [d3d12] NVRHI device created
2026-09-15 - 21:07:59.506 [INFO] Renderer: NVRHI validation layer disabled
2026-09-15 - 21:07:59.506 [INFO] [d3d12] backend create_swapchain requested: 1366x705, vsync=true
2026-09-15 - 21:07:59.506 [INFO] [d3d12] creating swapchain: 1366x705, buffers=3, format=28, flags=0x800, vsync=true
2026-09-15 - 21:07:59.536 [INFO] [d3d12] IDXGISwapChain1 created
2026-09-15 - 21:07:59.536 [INFO] [d3d12] DXGI window association set: no_alt_enter=true
2026-09-15 - 21:07:59.536 [INFO] [d3d12] IDXGISwapChain3 acquired
2026-09-15 - 21:07:59.538 [INFO] [d3d12] swap image 0 wrapped: resource=0x25176c59e30 format=23 size=1366x705
2026-09-15 - 21:07:59.538 [INFO] [d3d12] swap image 1 wrapped: resource=0x25176d90ed0 format=23 size=1366x705
2026-09-15 - 21:07:59.538 [INFO] [d3d12] swap image 2 wrapped: resource=0x25176d916c0 format=23 size=1366x705
2026-09-15 - 21:07:59.538 [INFO] [d3d12] swap image wrappers created: count=3
2026-09-15 - 21:07:59.538 [INFO] [d3d12] frame event queries created: count=3
2026-09-15 - 21:07:59.539 [INFO] [d3d12] swapchain present mode: vsync
2026-09-15 - 21:07:59.539 [INFO] [d3d12] swapchain created: current_backbuffer=0
2026-09-15 - 21:07:59.539 [INFO] [d3d12] backend swapchain ready: 1366x705, images=3
2026-09-15 - 21:07:59.609 [INFO] Renderer: max_textures=1024 (GPU reports 0)
2026-09-15 - 21:07:59.613 [INFO] Renderer up: 1366x705, 3 swap images
2026-09-15 - 21:08:01.291 [ERROR] [nvrhi] Failed to create a compute pipeline state object
2026-09-15 - 21:08:01.300 [ERROR] ClusteredForward: failed to create build-grid pipeline
2026-09-15 - 21:08:01.303 [ERROR] WorldRenderer: clustered forward init failed
2026-09-15 - 21:08:01.318 [ERROR] SceneRenderer: gfx_wr_init failed
2026-09-15 - 21:08:01.324 [ERROR] ClientApp::Init failed
