2026-09-13 - 16:34:21.520 [INFO] Luduvo 41-dirty (87f96c55a050) sha=87f96c55a050 network_epoch=38 schema=0x63d6c59a65f6b6e0 project_format=27 (min 27)
2026-09-13 - 16:34:21.654 [INFO] OpenAL: device=OpenAL Community renderer=OpenAL Soft stream=callback
2026-09-13 - 16:34:21.691 [INFO] content store fetches from https://api.luduvo.com into C:\Users\<user>\AppData\Roaming\Luduvo\Client\content
2026-09-13 - 16:34:22.420 [INFO] content store: version 5 is ready, current names it
2026-09-13 - 16:34:22.454 [INFO] client content: version 5 from C:\Users\<user>\AppData\Roaming\Luduvo\Client\content
2026-09-13 - 16:34:22.521 [INFO] Window created. 1 pixel density, 1 display scale
2026-09-13 - 16:34:22.522 [INFO] [d3d12] backend init begin; debug_layer=false
2026-09-13 - 16:34:22.522 [INFO] [d3d12] Win32 HWND acquired: 0x5310c4e
2026-09-13 - 16:34:22.522 [INFO] [d3d12] debug layer disabled
2026-09-13 - 16:34:22.522 [INFO] [d3d12] creating DXGI factory debug=false
2026-09-13 - 16:34:22.522 [INFO] [d3d12] DXGI factory created
2026-09-13 - 16:34:22.522 [INFO] [d3d12] variable refresh tearing support=true
2026-09-13 - 16:34:22.522 [INFO] [d3d12] adapter 0: 'AMD Radeon RX 9060 XT' (Hardware, vendor=0x1002 device=0x7590, 16253 MB)
2026-09-13 - 16:34:23.533 [INFO] [d3d12] adapter 'AMD Radeon RX 9060 XT' created probe device for feature checks
2026-09-13 - 16:34:23.533 [INFO] [d3d12] adapter 1: 'AMD Radeon(TM) Graphics' (Hardware, vendor=0x1002 device=0x164e, 485 MB)
2026-09-13 - 16:34:23.607 [INFO] [d3d12] adapter 'AMD Radeon(TM) Graphics' created probe device for feature checks
2026-09-13 - 16:34:23.804 [INFO] [d3d12] adapter 2: 'AMD Radeon RX 9060 XT' (Hardware, vendor=0x1002 device=0x7590, 16253 MB)
2026-09-13 - 16:34:23.864 [INFO] [d3d12] adapter 'AMD Radeon RX 9060 XT' created probe device for feature checks
2026-09-13 - 16:34:23.909 [INFO] [d3d12] adapter 3: 'Microsoft Basic Render Driver' (Software, vendor=0x1414 device=0x008c, 0 MB)
2026-09-13 - 16:34:23.909 [INFO] [d3d12] adapter 'Microsoft Basic Render Driver' skipped: software adapter
2026-09-13 - 16:34:23.909 [INFO] [d3d12] selected adapter: 'AMD Radeon RX 9060 XT' (vendor=0x1002 device=0x7590, 16253 MB)
2026-09-13 - 16:34:23.909 [INFO] [d3d12] resourceBindingTier=3 meshShaderTier=10 samplerFeedbackTier=100
2026-09-13 - 16:34:23.913 [INFO] [d3d12] command queue created: graphics type=0 flags=0x0
2026-09-13 - 16:34:23.916 [INFO] [d3d12] command queue created: compute type=2 flags=0x0
2026-09-13 - 16:34:23.917 [INFO] [d3d12] command queue created: copy type=3 flags=0x0
2026-09-13 - 16:34:23.917 [INFO] [d3d12] caps sampler_anisotropy=true max_anisotropy=16
2026-09-13 - 16:34:23.917 [INFO] [d3d12] context created
2026-09-13 - 16:34:23.917 [INFO] [d3d12] creating NVRHI device: rtv_heap=1024 dsv_heap=1024 srv_heap=32768 sampler_heap=16
2026-09-13 - 16:34:23.919 [INFO] [d3d12] NVRHI device created
2026-09-13 - 16:34:23.919 [INFO] Renderer: NVRHI validation layer disabled
2026-09-13 - 16:34:23.919 [INFO] [d3d12] backend create_swapchain requested: 1920x1009, vsync=true
2026-09-13 - 16:34:23.919 [INFO] [d3d12] creating swapchain: 1920x1009, buffers=3, format=28, flags=0x800, vsync=true
2026-09-13 - 16:34:23.925 [INFO] [d3d12] IDXGISwapChain1 created
2026-09-13 - 16:34:23.925 [INFO] [d3d12] DXGI window association set: no_alt_enter=true
2026-09-13 - 16:34:23.925 [INFO] [d3d12] IDXGISwapChain3 acquired
2026-09-13 - 16:34:23.925 [INFO] [d3d12] swap image 0 wrapped: resource=0x260986079b0 format=23 size=1920x1009
2026-09-13 - 16:34:23.925 [INFO] [d3d12] swap image 1 wrapped: resource=0x26089a50790 format=23 size=1920x1009
2026-09-13 - 16:34:23.925 [INFO] [d3d12] swap image 2 wrapped: resource=0x26089a51c70 format=23 size=1920x1009
2026-09-13 - 16:34:23.925 [INFO] [d3d12] swap image wrappers created: count=3
2026-09-13 - 16:34:23.925 [INFO] [d3d12] frame event queries created: count=3
2026-09-13 - 16:34:23.925 [INFO] [d3d12] swapchain present mode: vsync
2026-09-13 - 16:34:23.925 [INFO] [d3d12] swapchain created: current_backbuffer=0
2026-09-13 - 16:34:23.925 [INFO] [d3d12] backend swapchain ready: 1920x1009, images=3
2026-09-13 - 16:34:23.930 [INFO] Renderer: max_textures=1024 (GPU reports 0)
2026-09-13 - 16:34:23.931 [INFO] Renderer up: 1920x1009, 3 swap images
2026-09-13 - 16:34:23.955 [ERROR] [nvrhi] Failed to create a compute pipeline state object
2026-09-13 - 16:34:23.957 [ERROR] ClusteredForward: failed to create build-grid pipeline
2026-09-13 - 16:34:23.960 [ERROR] WorldRenderer: clustered forward init failed
2026-09-13 - 16:34:23.967 [ERROR] SceneRenderer: gfx_wr_init failed
2026-09-13 - 16:34:23.970 [ERROR] ClientApp::Init failed
2026-09-13 - 16:34:25.992 [INFO] [d3d12] backend destroy_swapchain images=3
2026-09-13 - 16:34:25.992 [INFO] [d3d12] swapchain destroy_inner begin: keep_handle=false images=3 events=3
2026-09-13 - 16:34:25.993 [INFO] [d3d12] swapchain destroy_inner complete
2026-09-13 - 16:34:25.993 [INFO] [d3d12] backend shutdown
2026-09-13 - 16:34:25.993 [INFO] [d3d12] context destroy begin
2026-09-13 - 16:34:26.233 [INFO] [d3d12] context destroyed
