2026-09-26 - 09:39:56.129 [INFO] Luduvo 45 sha=790afcf2ee3f network_epoch=47 schema=0x3b920a8c2830a625 project_format=27 (min 27)
2026-09-26 - 09:39:56.199 [INFO] OpenAL: device=OpenAL Community renderer=OpenAL Soft stream=callback
2026-09-26 - 09:39:56.199 [INFO] no URI, starting singleplayer
2026-09-26 - 09:39:56.217 [INFO] content store fetches from https://api.luduvo.com into C:\Users\<user>\AppData\Roaming\Luduvo\Client\content
2026-09-26 - 09:39:57.322 [INFO] content store: version 8 is ready, current names it
2026-09-26 - 09:39:57.337 [INFO] client content: version 8 from C:\Users\<user>\AppData\Roaming\Luduvo\Client\content
2026-09-26 - 09:39:57.374 [INFO] Window created. 1 pixel density, 1.25 display scale
2026-09-26 - 09:39:57.374 [INFO] [d3d12] backend init begin; debug_layer=false
2026-09-26 - 09:39:57.374 [INFO] [d3d12] Win32 HWND acquired: 0x50a12
2026-09-26 - 09:39:57.374 [INFO] [d3d12] debug layer disabled
2026-09-26 - 09:39:57.374 [INFO] [d3d12] creating DXGI factory debug=false
2026-09-26 - 09:39:57.374 [INFO] [d3d12] DXGI factory created
2026-09-26 - 09:39:57.374 [INFO] [d3d12] variable refresh tearing support=true
2026-09-26 - 09:39:57.375 [INFO] [d3d12] adapter 0: 'Intel(R) UHD Graphics' (Hardware, vendor=0x8086 device=0x9a78, 128 MB)
2026-09-26 - 09:39:57.437 [INFO] [d3d12] adapter 'Intel(R) UHD Graphics' created probe device for feature checks
2026-09-26 - 09:39:57.438 [INFO] [d3d12] adapter 1: 'Microsoft Basic Render Driver' (Software, vendor=0x1414 device=0x008c, 0 MB)
2026-09-26 - 09:39:57.438 [INFO] [d3d12] adapter 'Microsoft Basic Render Driver' skipped: software adapter
2026-09-26 - 09:39:57.438 [INFO] [d3d12] selected adapter: 'Intel(R) UHD Graphics' (vendor=0x8086 device=0x9a78, 128 MB)
2026-09-26 - 09:39:57.438 [INFO] [d3d12] resourceBindingTier=3 meshShaderTier=0 samplerFeedbackTier=90
2026-09-26 - 09:39:57.446 [INFO] [d3d12] command queue created: graphics type=0 flags=0x0
2026-09-26 - 09:39:57.454 [INFO] [d3d12] command queue created: compute type=2 flags=0x0
2026-09-26 - 09:39:57.460 [INFO] [d3d12] command queue created: copy type=3 flags=0x0
2026-09-26 - 09:39:57.460 [INFO] [d3d12] caps sampler_anisotropy=true max_anisotropy=16
2026-09-26 - 09:39:57.460 [INFO] [d3d12] context created
2026-09-26 - 09:39:57.460 [INFO] [d3d12] creating NVRHI device: rtv_heap=1024 dsv_heap=1024 srv_heap=32768 sampler_heap=16
2026-09-26 - 09:39:57.462 [INFO] [d3d12] NVRHI device created
2026-09-26 - 09:39:57.462 [INFO] Renderer: NVRHI validation layer disabled
2026-09-26 - 09:39:57.462 [INFO] [d3d12] backend create_swapchain requested: 1920x991, vsync=true
2026-09-26 - 09:39:57.462 [INFO] [d3d12] creating swapchain: 1920x991, buffers=3, format=28, flags=0x800, vsync=true
2026-09-26 - 09:39:57.492 [INFO] [d3d12] IDXGISwapChain1 created
2026-09-26 - 09:39:57.492 [INFO] [d3d12] DXGI window association set: no_alt_enter=true
2026-09-26 - 09:39:57.492 [INFO] [d3d12] IDXGISwapChain3 acquired
2026-09-26 - 09:39:57.492 [INFO] [d3d12] swap image 0 wrapped: resource=0x10815602c80 format=19 size=1920x991
2026-09-26 - 09:39:57.492 [INFO] [d3d12] swap image 1 wrapped: resource=0x10815603770 format=19 size=1920x991
2026-09-26 - 09:39:57.492 [INFO] [d3d12] swap image 2 wrapped: resource=0x108156039a0 format=19 size=1920x991
2026-09-26 - 09:39:57.492 [INFO] [d3d12] swap image wrappers created: count=3
2026-09-26 - 09:39:57.492 [INFO] [d3d12] frame event queries created: count=3
2026-09-26 - 09:39:57.493 [INFO] [d3d12] swapchain present mode: vsync
2026-09-26 - 09:39:57.493 [INFO] [d3d12] swapchain created: current_backbuffer=0
2026-09-26 - 09:39:57.493 [INFO] [d3d12] backend swapchain ready: 1920x991, images=3
2026-09-26 - 09:39:57.520 [INFO] Renderer: max_textures=1024 (GPU reports 0)
2026-09-26 - 09:39:57.520 [INFO] Renderer up: 1920x991, 3 swap images
2026-09-26 - 09:39:57.859 [ERROR] [nvrhi] Failed to create a compute pipeline state object
2026-09-26 - 09:39:57.861 [ERROR] ClusteredForward: failed to create build-grid pipeline
2026-09-26 - 09:39:57.863 [ERROR] WorldRenderer: clustered forward init failed
2026-09-26 - 09:39:57.867 [ERROR] SceneRenderer: gfx_wr_init failed
2026-09-26 - 09:39:57.869 [ERROR] ClientApp::Init failed
2026-09-26 - 09:40:00.036 [INFO] [d3d12] backend destroy_swapchain images=3
2026-09-26 - 09:40:00.036 [INFO] [d3d12] swapchain destroy_inner begin: keep_handle=false images=3 events=3
2026-09-26 - 09:40:00.054 [INFO] [d3d12] swapchain destroy_inner complete
2026-09-26 - 09:40:00.054 [INFO] [d3d12] backend shutdown
2026-09-26 - 09:40:00.056 [INFO] [d3d12] context destroy begin
2026-09-26 - 09:40:00.078 [INFO] [d3d12] context destroyed
