2026-09-20 - 09:35:17.439 [INFO] content store fetches from https://api.luduvo.com into C:\Users\<user>\AppData\Roaming\Luduvo\Client\content
2026-09-20 - 09:35:20.602 [INFO] content store: version 7 is ready, current names it
2026-09-20 - 09:35:20.650 [INFO] client content: version 7 from C:\Users\<user>\AppData\Roaming\Luduvo\Client\content
2026-09-20 - 09:35:20.707 [INFO] Window created. 1 pixel density, 1.5 display scale
2026-09-20 - 09:35:20.729 [INFO] [vk] available instance layers: 3
2026-09-20 - 09:35:20.738 [INFO] [vk] available instance extensions: 13
2026-09-20 - 09:35:20.740 [INFO] [vk] loader API 1.3.301
2026-09-20 - 09:35:20.740 [INFO] [vk] requested instance API 1.3.0
2026-09-20 - 09:35:20.740 [INFO] [vk] validation requested=true enabled=false
2026-09-20 - 09:35:20.740 [INFO] [vk] debug utils enabled=true
2026-09-20 - 09:35:20.802 [INFO] [adapter 0] AMD Radeon(TM) Graphics (Integrated, vendor=0x1002 device=0x1681, 512 MB)
2026-09-20 - 09:35:20.802 [INFO] Selected adapter 0: AMD Radeon(TM) Graphics (Integrated)
2026-09-20 - 09:35:20.802 [INFO] [vk] conservative raster: true, fragment barycentric: true
2026-09-20 - 09:35:20.802 [INFO] [vk] device API 1.3.277
2026-09-20 - 09:35:20.802 [INFO] [vk] driver version 8388907
2026-09-20 - 09:35:20.802 [INFO] [vk] selected device: AMD Radeon(TM) Graphics (Integrated, vendor=0x1002 device=0x1681, 512 MB)
2026-09-20 - 09:35:20.802 [INFO] [vk] pipelineCacheUUID=289b6cb520b1512fb80315dd00ef7bd0
2026-09-20 - 09:35:20.802 [INFO] [vk] memory heaps: 3
2026-09-20 - 09:35:20.802 [INFO] [vk] memory types: 16
2026-09-20 - 09:35:20.802 [INFO] [vk] device extensions: 178
2026-09-20 - 09:35:20.802 [INFO] [vk] queue families: 5
2026-09-20 - 09:35:20.820 [INFO] Renderer: NVRHI validation layer disabled
2026-09-20 - 09:35:20.820 [INFO] [vk] swapchain present mode: FIFO
2026-09-20 - 09:35:21.175 [INFO] Renderer: max_textures=1024 (GPU reports 4294967295)
2026-09-20 - 09:35:21.176 [INFO] Renderer up: 1920x1094, 3 swap images
2026-09-20 - 09:35:21.817 [INFO] Razor: trace path: hardware conservative raster
