2026-09-18 - 22:47:20.465 [INFO] Luduvo 44-dirty (240800eaa6d4) sha=240800eaa6d4 network_epoch=40 schema=0x63d6c59a65f6b6e0 project_format=27 (min 27)
2026-09-18 - 22:47:20.522 [INFO] OpenAL: device=OpenAL Community renderer=OpenAL Soft stream=callback
2026-09-18 - 22:47:20.523 [INFO] no URI, starting singleplayer
2026-09-18 - 22:47:20.557 [INFO] content store fetches from https://api.luduvo.com into C:\Users\<user>\AppData\Roaming\Luduvo\Client\content
2026-09-18 - 22:47:21.931 [INFO] content store: fetched 550 of 564 objects
2026-09-18 - 22:47:21.989 [INFO] content store: version 7 is ready, current names it
2026-09-18 - 22:47:22.027 [INFO] client content: version 7 from C:\Users\<user>\AppData\Roaming\Luduvo\Client\content
2026-09-18 - 22:47:22.095 [INFO] Window created. 1 pixel density, 1 display scale
2026-09-18 - 22:47:22.153 [INFO] [vk] available instance layers: 15
2026-09-18 - 22:47:22.165 [INFO] [vk] available instance extensions: 13
2026-09-18 - 22:47:22.167 [INFO] [vk] loader API 1.4.357
2026-09-18 - 22:47:22.167 [INFO] [vk] requested instance API 1.3.0
2026-09-18 - 22:47:22.167 [INFO] [vk] validation requested=true enabled=true
2026-09-18 - 22:47:22.167 [INFO] [vk] debug utils enabled=true
2026-09-18 - 22:47:22.257 [WARNING] [adapter 0] Intel(R) HD Graphics 620 skipped: Intel Kaby Lake (7th gen) has a non-conformant Vulkan 1.3 driver that crashes at runtime (set LDV_VK_SKIP_BLOCKLIST=1 to override)
2026-09-18 - 22:47:22.257 [ERROR] [vk] no adapter satisfies Vulkan 1.3 + required features
2026-09-18 - 22:47:22.317 [WARNING] Vulkan backend failed; trying D3D12
2026-09-18 - 22:47:22.317 [INFO] [d3d12] backend init begin; debug_layer=false
2026-09-18 - 22:47:22.317 [INFO] [d3d12] Win32 HWND acquired: 0x310ba
2026-09-18 - 22:47:22.317 [INFO] [d3d12] debug layer disabled
2026-09-18 - 22:47:22.317 [INFO] [d3d12] creating DXGI factory debug=false
2026-09-18 - 22:47:22.318 [INFO] [d3d12] DXGI factory created
2026-09-18 - 22:47:22.318 [INFO] [d3d12] variable refresh tearing support=true
2026-09-18 - 22:47:22.318 [INFO] [d3d12] adapter 0: 'Intel(R) HD Graphics 620' (Hardware, vendor=0x8086 device=0x5916, 128 MB)
2026-09-18 - 22:47:22.347 [INFO] [d3d12] adapter 'Intel(R) HD Graphics 620' created probe device for feature checks
2026-09-18 - 22:47:22.347 [INFO] [d3d12] adapter 1: 'Microsoft Basic Render Driver' (Software, vendor=0x1414 device=0x008c, 0 MB)
2026-09-18 - 22:47:22.347 [INFO] [d3d12] adapter 'Microsoft Basic Render Driver' skipped: software adapter
2026-09-18 - 22:47:22.347 [INFO] [d3d12] selected adapter: 'Intel(R) HD Graphics 620' (vendor=0x8086 device=0x5916, 128 MB)
2026-09-18 - 22:47:22.347 [INFO] [d3d12] resourceBindingTier=3 meshShaderTier=0 samplerFeedbackTier=0
2026-09-18 - 22:47:22.353 [INFO] [d3d12] command queue created: graphics type=0 flags=0x0
2026-09-18 - 22:47:22.357 [INFO] [d3d12] command queue created: compute type=2 flags=0x0
2026-09-18 - 22:47:22.360 [INFO] [d3d12] command queue created: copy type=3 flags=0x0
2026-09-18 - 22:47:22.360 [INFO] [d3d12] caps sampler_anisotropy=true max_anisotropy=16
2026-09-18 - 22:47:22.360 [INFO] [d3d12] context created
2026-09-18 - 22:47:22.360 [INFO] [d3d12] creating NVRHI device: rtv_heap=1024 dsv_heap=1024 srv_heap=32768 sampler_heap=16
2026-09-18 - 22:47:22.362 [INFO] [d3d12] NVRHI device created
2026-09-18 - 22:47:22.362 [INFO] Renderer: NVRHI validation layer disabled
2026-09-18 - 22:47:22.362 [INFO] [d3d12] backend create_swapchain requested: 1366x709, vsync=true
2026-09-18 - 22:47:22.362 [INFO] [d3d12] creating swapchain: 1366x709, buffers=3, format=28, flags=0x800, vsync=true
2026-09-18 - 22:47:22.370 [INFO] [d3d12] IDXGISwapChain1 created
2026-09-18 - 22:47:22.370 [INFO] [d3d12] DXGI window association set: no_alt_enter=true
2026-09-18 - 22:47:22.370 [INFO] [d3d12] IDXGISwapChain3 acquired
2026-09-18 - 22:47:22.370 [INFO] [d3d12] swap image 0 wrapped: resource=0x2d220270520 format=23 size=1366x709
2026-09-18 - 22:47:22.370 [INFO] [d3d12] swap image 1 wrapped: resource=0x2d220506fc0 format=23 size=1366x709
2026-09-18 - 22:47:22.370 [INFO] [d3d12] swap image 2 wrapped: resource=0x2d220508320 format=23 size=1366x709
2026-09-18 - 22:47:22.370 [INFO] [d3d12] swap image wrappers created: count=3
2026-09-18 - 22:47:22.370 [INFO] [d3d12] frame event queries created: count=3
2026-09-18 - 22:47:22.370 [INFO] [d3d12] swapchain present mode: vsync
2026-09-18 - 22:47:22.370 [INFO] [d3d12] swapchain created: current_backbuffer=0
2026-09-18 - 22:47:22.370 [INFO] [d3d12] backend swapchain ready: 1366x709, images=3
2026-09-18 - 22:47:22.373 [INFO] Renderer: max_textures=1024 (GPU reports 0)
2026-09-18 - 22:47:22.374 [INFO] Renderer up: 1366x709, 3 swap images
2026-09-18 - 22:47:22.437 [ERROR] [nvrhi] Failed to create a compute pipeline state object
2026-09-18 - 22:47:22.438 [ERROR] ClusteredForward: failed to create build-grid pipeline
2026-09-18 - 22:47:22.440 [ERROR] WorldRenderer: clustered forward init failed
2026-09-18 - 22:47:22.444 [ERROR] SceneRenderer: gfx_wr_init failed
2026-09-18 - 22:47:22.447 [ERROR] ClientApp::Init failed
